test_strix_quick_gate: PASS
